Flow report for Input_buffer
Sun Apr 12 20:33:05 2026
Quartus Prime Version 20.1.1 Build 720 11/11/2020 SJ Lite Edition


---------------------
; Table of Contents ;
---------------------
  1. Legal Notice
  2. Flow Summary
  3. Flow Settings
  4. Flow Non-Default Global Settings
  5. Flow Elapsed Time
  6. Flow OS Summary
  7. Flow Log
  8. Flow Messages
  9. Flow Suppressed Messages



----------------
; Legal Notice ;
----------------
Copyright (C) 2020  Intel Corporation. All rights reserved.
Your use of Intel Corporation's design tools, logic functions 
and other software and tools, and any partner logic 
functions, and any output files from any of the foregoing 
(including device programming or simulation files), and any 
associated documentation or information are expressly subject 
to the terms and conditions of the Intel Program License 
Subscription Agreement, the Intel Quartus Prime License Agreement,
the Intel FPGA IP License Agreement, or other applicable license
agreement, including, without limitation, that your use is for
the sole purpose of programming logic devices manufactured by
Intel and sold by Intel or its authorized distributors.  Please
refer to the applicable agreement for further details, at
https://fpgasoftware.intel.com/eula.



+----------------------------------------------------------------------------------+
; Flow Summary                                                                     ;
+------------------------------------+---------------------------------------------+
; Flow Status                        ; Successful - Sun Apr 12 20:33:05 2026       ;
; Quartus Prime Version              ; 20.1.1 Build 720 11/11/2020 SJ Lite Edition ;
; Revision Name                      ; Input_buffer                                ;
; Top-level Entity Name              ; top_controller                              ;
; Family                             ; Cyclone IV E                                ;
; Device                             ; EP4CE115F29C7                               ;
; Timing Models                      ; Final                                       ;
; Total logic elements               ; 66 / 114,480 ( < 1 % )                      ;
;     Total combinational functions  ; 50 / 114,480 ( < 1 % )                      ;
;     Dedicated logic registers      ; 56 / 114,480 ( < 1 % )                      ;
; Total registers                    ; 56                                          ;
; Total pins                         ; 94 / 529 ( 18 % )                           ;
; Total virtual pins                 ; 0                                           ;
; Total memory bits                  ; 2,048 / 3,981,312 ( < 1 % )                 ;
; Embedded Multiplier 9-bit elements ; 0 / 532 ( 0 % )                             ;
; Total PLLs                         ; 0 / 4 ( 0 % )                               ;
+------------------------------------+---------------------------------------------+


+-----------------------------------------+
; Flow Settings                           ;
+-------------------+---------------------+
; Option            ; Setting             ;
+-------------------+---------------------+
; Start date & time ; 04/12/2026 20:32:37 ;
; Main task         ; Compilation         ;
; Revision Name     ; Input_buffer        ;
+-------------------+---------------------+


+--------------------------------------------------------------------------------------------------------------------------------+
; Flow Non-Default Global Settings                                                                                               ;
+-------------------------------------+----------------------------------------+---------------+----------------+----------------+
; Assignment Name                     ; Value                                  ; Default Value ; Entity Name    ; Section Id     ;
+-------------------------------------+----------------------------------------+---------------+----------------+----------------+
; COMPILER_SIGNATURE_ID               ; 57562769754818.177603675715668         ; --            ; --             ; --             ;
; EDA_OUTPUT_DATA_FORMAT              ; Verilog Hdl                            ; --            ; --             ; eda_simulation ;
; EDA_SIMULATION_TOOL                 ; ModelSim-Altera (Verilog)              ; <None>        ; --             ; --             ;
; MAX_CORE_JUNCTION_TEMP              ; 85                                     ; --            ; --             ; --             ;
; MIN_CORE_JUNCTION_TEMP              ; 0                                      ; --            ; --             ; --             ;
; MISC_FILE                           ; memoria2.bsf                           ; --            ; --             ; --             ;
; MISC_FILE                           ; memoria2_inst.vhd                      ; --            ; --             ; --             ;
; MISC_FILE                           ; memoria2.inc                           ; --            ; --             ; --             ;
; MISC_FILE                           ; memoria2.cmp                           ; --            ; --             ; --             ;
; NOMINAL_CORE_SUPPLY_VOLTAGE         ; 1.2V                                   ; --            ; --             ; --             ;
; PARTITION_COLOR                     ; -- (Not supported for targeted family) ; --            ; top_controller ; Top            ;
; PARTITION_FITTER_PRESERVATION_LEVEL ; -- (Not supported for targeted family) ; --            ; top_controller ; Top            ;
; PARTITION_NETLIST_TYPE              ; -- (Not supported for targeted family) ; --            ; top_controller ; Top            ;
; PROJECT_OUTPUT_DIRECTORY            ; output_files                           ; --            ; --             ; --             ;
; TOP_LEVEL_ENTITY                    ; top_controller                         ; Input_buffer  ; --             ; --             ;
+-------------------------------------+----------------------------------------+---------------+----------------+----------------+


+--------------------------------------------------------------------------------------------------------------------------+
; Flow Elapsed Time                                                                                                        ;
+----------------------+--------------+-------------------------+---------------------+------------------------------------+
; Module Name          ; Elapsed Time ; Average Processors Used ; Peak Virtual Memory ; Total CPU Time (on all processors) ;
+----------------------+--------------+-------------------------+---------------------+------------------------------------+
; Analysis & Synthesis ; 00:00:07     ; 1.0                     ; 4871 MB             ; 00:00:15                           ;
; Fitter               ; 00:00:14     ; 1.0                     ; 6708 MB             ; 00:00:25                           ;
; Assembler            ; 00:00:02     ; 1.0                     ; 4704 MB             ; 00:00:02                           ;
; Timing Analyzer      ; 00:00:01     ; 1.1                     ; 5003 MB             ; 00:00:01                           ;
; EDA Netlist Writer   ; 00:00:01     ; 1.0                     ; 4671 MB             ; 00:00:01                           ;
; Total                ; 00:00:25     ; --                      ; --                  ; 00:00:44                           ;
+----------------------+--------------+-------------------------+---------------------+------------------------------------+


+------------------------------------------------------------------------------------+
; Flow OS Summary                                                                    ;
+----------------------+------------------+------------+------------+----------------+
; Module Name          ; Machine Hostname ; OS Name    ; OS Version ; Processor type ;
+----------------------+------------------+------------+------------+----------------+
; Analysis & Synthesis ; Holmes           ; Windows 10 ; 10.0       ; x86_64         ;
; Fitter               ; Holmes           ; Windows 10 ; 10.0       ; x86_64         ;
; Assembler            ; Holmes           ; Windows 10 ; 10.0       ; x86_64         ;
; Timing Analyzer      ; Holmes           ; Windows 10 ; 10.0       ; x86_64         ;
; EDA Netlist Writer   ; Holmes           ; Windows 10 ; 10.0       ; x86_64         ;
+----------------------+------------------+------------+------------+----------------+


------------
; Flow Log ;
------------
quartus_map --read_settings_files=on --write_settings_files=off Input_buffer -c Input_buffer
quartus_fit --read_settings_files=off --write_settings_files=off Input_buffer -c Input_buffer
quartus_asm --read_settings_files=off --write_settings_files=off Input_buffer -c Input_buffer
quartus_sta Input_buffer -c Input_buffer
quartus_eda --read_settings_files=off --write_settings_files=off Input_buffer -c Input_buffer



