Analysis & Synthesis report for Input_buffer
Sun Apr 12 20:32:43 2026
Quartus Prime Version 20.1.1 Build 720 11/11/2020 SJ Lite Edition


---------------------
; Table of Contents ;
---------------------
  1. Legal Notice
  2. Analysis & Synthesis Summary
  3. Analysis & Synthesis Settings
  4. Parallel Compilation
  5. Analysis & Synthesis Source Files Read
  6. Analysis & Synthesis Resource Usage Summary
  7. Analysis & Synthesis Resource Utilization by Entity
  8. Analysis & Synthesis RAM Summary
  9. State Machine - |top_controller|state
 10. Registers Removed During Synthesis
 11. General Register Statistics
 12. Registers Packed Into Inferred Megafunctions
 13. Multiplexer Restructuring Statistics (Restructuring Performed)
 14. Source assignments for altsyncram:storage_rtl_0|altsyncram_0qd1:auto_generated
 15. Parameter Settings for User Entity Instance: Top-level Entity: |top_controller
 16. Parameter Settings for User Entity Instance: input_buffer_fifo:fifo_inst
 17. Parameter Settings for Inferred Entity Instance: altsyncram:storage_rtl_0
 18. altsyncram Parameter Settings by Entity Instance
 19. Post-Synthesis Netlist Statistics for Top Partition
 20. Elapsed Time Per Partition
 21. Analysis & Synthesis Messages



----------------
; Legal Notice ;
----------------
Copyright (C) 2020  Intel Corporation. All rights reserved.
Your use of Intel Corporation's design tools, logic functions 
and other software and tools, and any partner logic 
functions, and any output files from any of the foregoing 
(including device programming or simulation files), and any 
associated documentation or information are expressly subject 
to the terms and conditions of the Intel Program License 
Subscription Agreement, the Intel Quartus Prime License Agreement,
the Intel FPGA IP License Agreement, or other applicable license
agreement, including, without limitation, that your use is for
the sole purpose of programming logic devices manufactured by
Intel and sold by Intel or its authorized distributors.  Please
refer to the applicable agreement for further details, at
https://fpgasoftware.intel.com/eula.



+----------------------------------------------------------------------------------+
; Analysis & Synthesis Summary                                                     ;
+------------------------------------+---------------------------------------------+
; Analysis & Synthesis Status        ; Successful - Sun Apr 12 20:32:43 2026       ;
; Quartus Prime Version              ; 20.1.1 Build 720 11/11/2020 SJ Lite Edition ;
; Revision Name                      ; Input_buffer                                ;
; Top-level Entity Name              ; top_controller                              ;
; Family                             ; Cyclone IV E                                ;
; Total logic elements               ; 74                                          ;
;     Total combinational functions  ; 50                                          ;
;     Dedicated logic registers      ; 56                                          ;
; Total registers                    ; 56                                          ;
; Total pins                         ; 94                                          ;
; Total virtual pins                 ; 0                                           ;
; Total memory bits                  ; 2,048                                       ;
; Embedded Multiplier 9-bit elements ; 0                                           ;
; Total PLLs                         ; 0                                           ;
+------------------------------------+---------------------------------------------+


+------------------------------------------------------------------------------------------------------------+
; Analysis & Synthesis Settings                                                                              ;
+------------------------------------------------------------------+--------------------+--------------------+
; Option                                                           ; Setting            ; Default Value      ;
+------------------------------------------------------------------+--------------------+--------------------+
; Device                                                           ; EP4CE115F29C7      ;                    ;
; Top-level entity name                                            ; top_controller     ; Input_buffer       ;
; Family name                                                      ; Cyclone IV E       ; Cyclone V          ;
; Use smart compilation                                            ; Off                ; Off                ;
; Enable parallel Assembler and Timing Analyzer during compilation ; On                 ; On                 ;
; Enable compact report table                                      ; Off                ; Off                ;
; Restructure Multiplexers                                         ; Auto               ; Auto               ;
; Create Debugging Nodes for IP Cores                              ; Off                ; Off                ;
; Preserve fewer node names                                        ; On                 ; On                 ;
; Intel FPGA IP Evaluation Mode                                    ; Enable             ; Enable             ;
; Verilog Version                                                  ; Verilog_2001       ; Verilog_2001       ;
; VHDL Version                                                     ; VHDL_1993          ; VHDL_1993          ;
; State Machine Processing                                         ; Auto               ; Auto               ;
; Safe State Machine                                               ; Off                ; Off                ;
; Extract Verilog State Machines                                   ; On                 ; On                 ;
; Extract VHDL State Machines                                      ; On                 ; On                 ;
; Ignore Verilog initial constructs                                ; Off                ; Off                ;
; Iteration limit for constant Verilog loops                       ; 5000               ; 5000               ;
; Iteration limit for non-constant Verilog loops                   ; 250                ; 250                ;
; Add Pass-Through Logic to Inferred RAMs                          ; On                 ; On                 ;
; Infer RAMs from Raw Logic                                        ; On                 ; On                 ;
; Parallel Synthesis                                               ; On                 ; On                 ;
; DSP Block Balancing                                              ; Auto               ; Auto               ;
; NOT Gate Push-Back                                               ; On                 ; On                 ;
; Power-Up Don't Care                                              ; On                 ; On                 ;
; Remove Redundant Logic Cells                                     ; Off                ; Off                ;
; Remove Duplicate Registers                                       ; On                 ; On                 ;
; Ignore CARRY Buffers                                             ; Off                ; Off                ;
; Ignore CASCADE Buffers                                           ; Off                ; Off                ;
; Ignore GLOBAL Buffers                                            ; Off                ; Off                ;
; Ignore ROW GLOBAL Buffers                                        ; Off                ; Off                ;
; Ignore LCELL Buffers                                             ; Off                ; Off                ;
; Ignore SOFT Buffers                                              ; On                 ; On                 ;
; Limit AHDL Integers to 32 Bits                                   ; Off                ; Off                ;
; Optimization Technique                                           ; Balanced           ; Balanced           ;
; Carry Chain Length                                               ; 70                 ; 70                 ;
; Auto Carry Chains                                                ; On                 ; On                 ;
; Auto Open-Drain Pins                                             ; On                 ; On                 ;
; Perform WYSIWYG Primitive Resynthesis                            ; Off                ; Off                ;
; Auto ROM Replacement                                             ; On                 ; On                 ;
; Auto RAM Replacement                                             ; On                 ; On                 ;
; Auto DSP Block Replacement                                       ; On                 ; On                 ;
; Auto Shift Register Replacement                                  ; Auto               ; Auto               ;
; Allow Shift Register Merging across Hierarchies                  ; Auto               ; Auto               ;
; Auto Clock Enable Replacement                                    ; On                 ; On                 ;
; Strict RAM Replacement                                           ; Off                ; Off                ;
; Allow Synchronous Control Signals                                ; On                 ; On                 ;
; Force Use of Synchronous Clear Signals                           ; Off                ; Off                ;
; Auto RAM Block Balancing                                         ; On                 ; On                 ;
; Auto RAM to Logic Cell Conversion                                ; Off                ; Off                ;
; Auto Resource Sharing                                            ; Off                ; Off                ;
; Allow Any RAM Size For Recognition                               ; Off                ; Off                ;
; Allow Any ROM Size For Recognition                               ; Off                ; Off                ;
; Allow Any Shift Register Size For Recognition                    ; Off                ; Off                ;
; Use LogicLock Constraints during Resource Balancing              ; On                 ; On                 ;
; Ignore translate_off and synthesis_off directives                ; Off                ; Off                ;
; Timing-Driven Synthesis                                          ; On                 ; On                 ;
; Report Parameter Settings                                        ; On                 ; On                 ;
; Report Source Assignments                                        ; On                 ; On                 ;
; Report Connectivity Checks                                       ; On                 ; On                 ;
; Ignore Maximum Fan-Out Assignments                               ; Off                ; Off                ;
; Synchronization Register Chain Length                            ; 2                  ; 2                  ;
; Power Optimization During Synthesis                              ; Normal compilation ; Normal compilation ;
; HDL message level                                                ; Level2             ; Level2             ;
; Suppress Register Optimization Related Messages                  ; Off                ; Off                ;
; Number of Removed Registers Reported in Synthesis Report         ; 5000               ; 5000               ;
; Number of Swept Nodes Reported in Synthesis Report               ; 5000               ; 5000               ;
; Number of Inverted Registers Reported in Synthesis Report        ; 100                ; 100                ;
; Clock MUX Protection                                             ; On                 ; On                 ;
; Auto Gated Clock Conversion                                      ; Off                ; Off                ;
; Block Design Naming                                              ; Auto               ; Auto               ;
; SDC constraint protection                                        ; Off                ; Off                ;
; Synthesis Effort                                                 ; Auto               ; Auto               ;
; Shift Register Replacement - Allow Asynchronous Clear Signal     ; On                 ; On                 ;
; Pre-Mapping Resynthesis Optimization                             ; Off                ; Off                ;
; Analysis & Synthesis Message Level                               ; Medium             ; Medium             ;
; Disable Register Merging Across Hierarchies                      ; Auto               ; Auto               ;
; Resource Aware Inference For Block RAM                           ; On                 ; On                 ;
+------------------------------------------------------------------+--------------------+--------------------+


+------------------------------------------+
; Parallel Compilation                     ;
+----------------------------+-------------+
; Processors                 ; Number      ;
+----------------------------+-------------+
; Number detected on machine ; 16          ;
; Maximum allowed            ; 16          ;
;                            ;             ;
; Average used               ; 1.00        ;
; Maximum used               ; 16          ;
;                            ;             ;
; Usage by Processor         ; % Time Used ;
;     Processor 1            ; 100.0%      ;
;     Processors 2-16        ;   0.0%      ;
+----------------------------+-------------+


+----------------------------------------------------------------------------------------------------------------------------------------------------------------------------+
; Analysis & Synthesis Source Files Read                                                                                                                                     ;
+----------------------------------+-----------------+------------------------------+------------------------------------------------------------------------------+---------+
; File Name with User-Entered Path ; Used in Netlist ; File Type                    ; File Name with Absolute Path                                                 ; Library ;
+----------------------------------+-----------------+------------------------------+------------------------------------------------------------------------------+---------+
; input_buffer_fifo.v              ; yes             ; User Verilog HDL File        ; C:/Users/keduv/OneDrive/Desktop/LAAB/input_buffer_fifo.v                     ;         ;
; top_controller.v                 ; yes             ; User Verilog HDL File        ; C:/Users/keduv/OneDrive/Desktop/LAAB/top_controller.v                        ;         ;
; altsyncram.tdf                   ; yes             ; Megafunction                 ; c:/intelfpga_lite/20.1/quartus/libraries/megafunctions/altsyncram.tdf        ;         ;
; stratix_ram_block.inc            ; yes             ; Megafunction                 ; c:/intelfpga_lite/20.1/quartus/libraries/megafunctions/stratix_ram_block.inc ;         ;
; lpm_mux.inc                      ; yes             ; Megafunction                 ; c:/intelfpga_lite/20.1/quartus/libraries/megafunctions/lpm_mux.inc           ;         ;
; lpm_decode.inc                   ; yes             ; Megafunction                 ; c:/intelfpga_lite/20.1/quartus/libraries/megafunctions/lpm_decode.inc        ;         ;
; aglobal201.inc                   ; yes             ; Megafunction                 ; c:/intelfpga_lite/20.1/quartus/libraries/megafunctions/aglobal201.inc        ;         ;
; a_rdenreg.inc                    ; yes             ; Megafunction                 ; c:/intelfpga_lite/20.1/quartus/libraries/megafunctions/a_rdenreg.inc         ;         ;
; altrom.inc                       ; yes             ; Megafunction                 ; c:/intelfpga_lite/20.1/quartus/libraries/megafunctions/altrom.inc            ;         ;
; altram.inc                       ; yes             ; Megafunction                 ; c:/intelfpga_lite/20.1/quartus/libraries/megafunctions/altram.inc            ;         ;
; altdpram.inc                     ; yes             ; Megafunction                 ; c:/intelfpga_lite/20.1/quartus/libraries/megafunctions/altdpram.inc          ;         ;
; db/altsyncram_0qd1.tdf           ; yes             ; Auto-Generated Megafunction  ; C:/Users/keduv/OneDrive/Desktop/LAAB/db/altsyncram_0qd1.tdf                  ;         ;
+----------------------------------+-----------------+------------------------------+------------------------------------------------------------------------------+---------+


+---------------------------------------------------------+
; Analysis & Synthesis Resource Usage Summary             ;
+---------------------------------------------+-----------+
; Resource                                    ; Usage     ;
+---------------------------------------------+-----------+
; Estimated Total logic elements              ; 74        ;
;                                             ;           ;
; Total combinational functions               ; 50        ;
; Logic element usage by number of LUT inputs ;           ;
;     -- 4 input functions                    ; 29        ;
;     -- 3 input functions                    ; 9         ;
;     -- <=2 input functions                  ; 12        ;
;                                             ;           ;
; Logic elements by mode                      ;           ;
;     -- normal mode                          ; 50        ;
;     -- arithmetic mode                      ; 0         ;
;                                             ;           ;
; Total registers                             ; 56        ;
;     -- Dedicated logic registers            ; 56        ;
;     -- I/O registers                        ; 0         ;
;                                             ;           ;
; I/O pins                                    ; 94        ;
; Total memory bits                           ; 2048      ;
;                                             ;           ;
; Embedded Multiplier 9-bit elements          ; 0         ;
;                                             ;           ;
; Maximum fan-out node                        ; clk~input ;
; Maximum fan-out                             ; 64        ;
; Total fan-out                               ; 544       ;
; Average fan-out                             ; 1.80      ;
+---------------------------------------------+-----------+


+--------------------------------------------------------------------------------------------------------------------------------------------------------------------------------------------------------------------------------------------------------------------------------+
; Analysis & Synthesis Resource Utilization by Entity                                                                                                                                                                                                                            ;
+----------------------------------------+---------------------+---------------------------+-------------+--------------+---------+-----------+------+--------------+-------------------------------------------------------------------------+-------------------+--------------+
; Compilation Hierarchy Node             ; Combinational ALUTs ; Dedicated Logic Registers ; Memory Bits ; DSP Elements ; DSP 9x9 ; DSP 18x18 ; Pins ; Virtual Pins ; Full Hierarchy Name                                                     ; Entity Name       ; Library Name ;
+----------------------------------------+---------------------+---------------------------+-------------+--------------+---------+-----------+------+--------------+-------------------------------------------------------------------------+-------------------+--------------+
; |top_controller                        ; 50 (19)             ; 56 (9)                    ; 2048        ; 0            ; 0       ; 0         ; 94   ; 0            ; |top_controller                                                         ; top_controller    ; work         ;
;    |altsyncram:storage_rtl_0|          ; 0 (0)               ; 0 (0)                     ; 2048        ; 0            ; 0       ; 0         ; 0    ; 0            ; |top_controller|altsyncram:storage_rtl_0                                ; altsyncram        ; work         ;
;       |altsyncram_0qd1:auto_generated| ; 0 (0)               ; 0 (0)                     ; 2048        ; 0            ; 0       ; 0         ; 0    ; 0            ; |top_controller|altsyncram:storage_rtl_0|altsyncram_0qd1:auto_generated ; altsyncram_0qd1   ; work         ;
;    |input_buffer_fifo:fifo_inst|       ; 31 (31)             ; 47 (47)                   ; 0           ; 0            ; 0       ; 0         ; 0    ; 0            ; |top_controller|input_buffer_fifo:fifo_inst                             ; input_buffer_fifo ; work         ;
+----------------------------------------+---------------------+---------------------------+-------------+--------------+---------+-----------+------+--------------+-------------------------------------------------------------------------+-------------------+--------------+
Note: For table entries with two numbers listed, the numbers in parentheses indicate the number of resources of the given type used by the specific entity alone. The numbers listed outside of parentheses indicate the total resources of the given type used by the specific entity and all of its sub-entities in the hierarchy.


+------------------------------------------------------------------------------------------------------------------------------------------------------------------------+
; Analysis & Synthesis RAM Summary                                                                                                                                       ;
+--------------------------------------------------------------------+------+------------------+--------------+--------------+--------------+--------------+------+------+
; Name                                                               ; Type ; Mode             ; Port A Depth ; Port A Width ; Port B Depth ; Port B Width ; Size ; MIF  ;
+--------------------------------------------------------------------+------+------------------+--------------+--------------+--------------+--------------+------+------+
; altsyncram:storage_rtl_0|altsyncram_0qd1:auto_generated|ALTSYNCRAM ; AUTO ; Simple Dual Port ; 256          ; 8            ; 256          ; 8            ; 2048 ; None ;
+--------------------------------------------------------------------+------+------------------+--------------+--------------+--------------+--------------+------+------+


Encoding Type:  One-Hot
+------------------------------------------------------------------------------------------------------------+
; State Machine - |top_controller|state                                                                      ;
+-------------------+-------------------+-------------------+----------------+---------------+---------------+
; Name              ; state.ST_WAIT_RAM ; state.ST_READ_REQ ; state.ST_WRITE ; state.ST_IDLE ; state.ST_DONE ;
+-------------------+-------------------+-------------------+----------------+---------------+---------------+
; state.ST_IDLE     ; 0                 ; 0                 ; 0              ; 0             ; 0             ;
; state.ST_WRITE    ; 0                 ; 0                 ; 1              ; 1             ; 0             ;
; state.ST_READ_REQ ; 0                 ; 1                 ; 0              ; 1             ; 0             ;
; state.ST_WAIT_RAM ; 1                 ; 0                 ; 0              ; 1             ; 0             ;
; state.ST_DONE     ; 0                 ; 0                 ; 0              ; 1             ; 1             ;
+-------------------+-------------------+-------------------+----------------+---------------+---------------+


+--------------------------------------------------------------------------------+
; Registers Removed During Synthesis                                             ;
+---------------------------------------+----------------------------------------+
; Register name                         ; Reason for Removal                     ;
+---------------------------------------+----------------------------------------+
; state~9                               ; Lost fanout                            ;
; state~10                              ; Lost fanout                            ;
; wait_cnt[2,3]                         ; Stuck at GND due to stuck port data_in ;
; Total Number of Removed Registers = 4 ;                                        ;
+---------------------------------------+----------------------------------------+


+------------------------------------------------------+
; General Register Statistics                          ;
+----------------------------------------------+-------+
; Statistic                                    ; Value ;
+----------------------------------------------+-------+
; Total registers                              ; 56    ;
; Number of registers using Synchronous Clear  ; 0     ;
; Number of registers using Synchronous Load   ; 0     ;
; Number of registers using Asynchronous Clear ; 24    ;
; Number of registers using Asynchronous Load  ; 0     ;
; Number of registers using Clock Enable       ; 40    ;
; Number of registers using Preset             ; 0     ;
+----------------------------------------------+-------+


+----------------------------------------------+
; Registers Packed Into Inferred Megafunctions ;
+---------------+---------------+--------------+
; Register Name ; Megafunction  ; Type         ;
+---------------+---------------+--------------+
; ram_q[0..7]   ; storage_rtl_0 ; RAM          ;
+---------------+---------------+--------------+


+------------------------------------------------------------------------------------------------------------------------------------------+
; Multiplexer Restructuring Statistics (Restructuring Performed)                                                                           ;
+--------------------+-----------+---------------+----------------------+------------------------+------------+----------------------------+
; Multiplexer Inputs ; Bus Width ; Baseline Area ; Area if Restructured ; Saving if Restructured ; Registered ; Example Multiplexer Output ;
+--------------------+-----------+---------------+----------------------+------------------------+------------+----------------------------+
; 3:1                ; 2 bits    ; 4 LEs         ; 4 LEs                ; 0 LEs                  ; No         ; |top_controller|state      ;
+--------------------+-----------+---------------+----------------------+------------------------+------------+----------------------------+


+--------------------------------------------------------------------------------+
; Source assignments for altsyncram:storage_rtl_0|altsyncram_0qd1:auto_generated ;
+---------------------------------+--------------------+------+------------------+
; Assignment                      ; Value              ; From ; To               ;
+---------------------------------+--------------------+------+------------------+
; OPTIMIZE_POWER_DURING_SYNTHESIS ; NORMAL_COMPILATION ; -    ; -                ;
+---------------------------------+--------------------+------+------------------+


+--------------------------------------------------------------------------------+
; Parameter Settings for User Entity Instance: Top-level Entity: |top_controller ;
+----------------+-------+-------------------------------------------------------+
; Parameter Name ; Value ; Type                                                  ;
+----------------+-------+-------------------------------------------------------+
; BUF_DEPTH      ; 4     ; Signed Integer                                        ;
; OUT_WIDTH      ; 8     ; Signed Integer                                        ;
+----------------+-------+-------------------------------------------------------+
Note: In order to hide this table in the UI and the text report file, please set the "Show Parameter Settings in Synthesis Report" option in "Analysis and Synthesis Settings -> More Settings" to "Off".


+--------------------------------------------------------------------------+
; Parameter Settings for User Entity Instance: input_buffer_fifo:fifo_inst ;
+----------------+-------+-------------------------------------------------+
; Parameter Name ; Value ; Type                                            ;
+----------------+-------+-------------------------------------------------+
; IN_WIDTH       ; 64    ; Signed Integer                                  ;
; BUF_DEPTH      ; 4     ; Signed Integer                                  ;
; OUT_WIDTH      ; 8     ; Signed Integer                                  ;
+----------------+-------+-------------------------------------------------+
Note: In order to hide this table in the UI and the text report file, please set the "Show Parameter Settings in Synthesis Report" option in "Analysis and Synthesis Settings -> More Settings" to "Off".


+----------------------------------------------------------------------------+
; Parameter Settings for Inferred Entity Instance: altsyncram:storage_rtl_0  ;
+------------------------------------+----------------------+----------------+
; Parameter Name                     ; Value                ; Type           ;
+------------------------------------+----------------------+----------------+
; BYTE_SIZE_BLOCK                    ; 8                    ; Untyped        ;
; AUTO_CARRY_CHAINS                  ; ON                   ; AUTO_CARRY     ;
; IGNORE_CARRY_BUFFERS               ; OFF                  ; IGNORE_CARRY   ;
; AUTO_CASCADE_CHAINS                ; ON                   ; AUTO_CASCADE   ;
; IGNORE_CASCADE_BUFFERS             ; OFF                  ; IGNORE_CASCADE ;
; WIDTH_BYTEENA                      ; 1                    ; Untyped        ;
; OPERATION_MODE                     ; DUAL_PORT            ; Untyped        ;
; WIDTH_A                            ; 8                    ; Untyped        ;
; WIDTHAD_A                          ; 8                    ; Untyped        ;
; NUMWORDS_A                         ; 256                  ; Untyped        ;
; OUTDATA_REG_A                      ; UNREGISTERED         ; Untyped        ;
; ADDRESS_ACLR_A                     ; NONE                 ; Untyped        ;
; OUTDATA_ACLR_A                     ; NONE                 ; Untyped        ;
; WRCONTROL_ACLR_A                   ; NONE                 ; Untyped        ;
; INDATA_ACLR_A                      ; NONE                 ; Untyped        ;
; BYTEENA_ACLR_A                     ; NONE                 ; Untyped        ;
; WIDTH_B                            ; 8                    ; Untyped        ;
; WIDTHAD_B                          ; 8                    ; Untyped        ;
; NUMWORDS_B                         ; 256                  ; Untyped        ;
; INDATA_REG_B                       ; CLOCK1               ; Untyped        ;
; WRCONTROL_WRADDRESS_REG_B          ; CLOCK1               ; Untyped        ;
; RDCONTROL_REG_B                    ; CLOCK1               ; Untyped        ;
; ADDRESS_REG_B                      ; CLOCK1               ; Untyped        ;
; OUTDATA_REG_B                      ; UNREGISTERED         ; Untyped        ;
; BYTEENA_REG_B                      ; CLOCK1               ; Untyped        ;
; INDATA_ACLR_B                      ; NONE                 ; Untyped        ;
; WRCONTROL_ACLR_B                   ; NONE                 ; Untyped        ;
; ADDRESS_ACLR_B                     ; NONE                 ; Untyped        ;
; OUTDATA_ACLR_B                     ; NONE                 ; Untyped        ;
; RDCONTROL_ACLR_B                   ; NONE                 ; Untyped        ;
; BYTEENA_ACLR_B                     ; NONE                 ; Untyped        ;
; WIDTH_BYTEENA_A                    ; 1                    ; Untyped        ;
; WIDTH_BYTEENA_B                    ; 1                    ; Untyped        ;
; RAM_BLOCK_TYPE                     ; AUTO                 ; Untyped        ;
; BYTE_SIZE                          ; 8                    ; Untyped        ;
; READ_DURING_WRITE_MODE_MIXED_PORTS ; DONT_CARE            ; Untyped        ;
; READ_DURING_WRITE_MODE_PORT_A      ; NEW_DATA_NO_NBE_READ ; Untyped        ;
; READ_DURING_WRITE_MODE_PORT_B      ; NEW_DATA_NO_NBE_READ ; Untyped        ;
; INIT_FILE                          ; UNUSED               ; Untyped        ;
; INIT_FILE_LAYOUT                   ; PORT_A               ; Untyped        ;
; MAXIMUM_DEPTH                      ; 0                    ; Untyped        ;
; CLOCK_ENABLE_INPUT_A               ; NORMAL               ; Untyped        ;
; CLOCK_ENABLE_INPUT_B               ; NORMAL               ; Untyped        ;
; CLOCK_ENABLE_OUTPUT_A              ; NORMAL               ; Untyped        ;
; CLOCK_ENABLE_OUTPUT_B              ; NORMAL               ; Untyped        ;
; CLOCK_ENABLE_CORE_A                ; USE_INPUT_CLKEN      ; Untyped        ;
; CLOCK_ENABLE_CORE_B                ; USE_INPUT_CLKEN      ; Untyped        ;
; ENABLE_ECC                         ; FALSE                ; Untyped        ;
; ECC_PIPELINE_STAGE_ENABLED         ; FALSE                ; Untyped        ;
; WIDTH_ECCSTATUS                    ; 3                    ; Untyped        ;
; DEVICE_FAMILY                      ; Cyclone IV E         ; Untyped        ;
; CBXI_PARAMETER                     ; altsyncram_0qd1      ; Untyped        ;
+------------------------------------+----------------------+----------------+
Note: In order to hide this table in the UI and the text report file, please set the "Show Parameter Settings in Synthesis Report" option in "Analysis and Synthesis Settings -> More Settings" to "Off".


+----------------------------------------------------------------------+
; altsyncram Parameter Settings by Entity Instance                     ;
+-------------------------------------------+--------------------------+
; Name                                      ; Value                    ;
+-------------------------------------------+--------------------------+
; Number of entity instances                ; 1                        ;
; Entity Instance                           ; altsyncram:storage_rtl_0 ;
;     -- OPERATION_MODE                     ; DUAL_PORT                ;
;     -- WIDTH_A                            ; 8                        ;
;     -- NUMWORDS_A                         ; 256                      ;
;     -- OUTDATA_REG_A                      ; UNREGISTERED             ;
;     -- WIDTH_B                            ; 8                        ;
;     -- NUMWORDS_B                         ; 256                      ;
;     -- ADDRESS_REG_B                      ; CLOCK1                   ;
;     -- OUTDATA_REG_B                      ; UNREGISTERED             ;
;     -- RAM_BLOCK_TYPE                     ; AUTO                     ;
;     -- READ_DURING_WRITE_MODE_MIXED_PORTS ; DONT_CARE                ;
+-------------------------------------------+--------------------------+


+-----------------------------------------------------+
; Post-Synthesis Netlist Statistics for Top Partition ;
+-----------------------+-----------------------------+
; Type                  ; Count                       ;
+-----------------------+-----------------------------+
; boundary_port         ; 94                          ;
; cycloneiii_ff         ; 56                          ;
;     CLR               ; 16                          ;
;     ENA               ; 32                          ;
;     ENA CLR           ; 8                           ;
; cycloneiii_lcell_comb ; 51                          ;
;     normal            ; 51                          ;
;         1 data inputs ; 2                           ;
;         2 data inputs ; 11                          ;
;         3 data inputs ; 9                           ;
;         4 data inputs ; 29                          ;
; cycloneiii_ram_block  ; 8                           ;
;                       ;                             ;
; Max LUT depth         ; 3.00                        ;
; Average LUT depth     ; 1.36                        ;
+-----------------------+-----------------------------+


+-------------------------------+
; Elapsed Time Per Partition    ;
+----------------+--------------+
; Partition Name ; Elapsed Time ;
+----------------+--------------+
; Top            ; 00:00:00     ;
+----------------+--------------+


+-------------------------------+
; Analysis & Synthesis Messages ;
+-------------------------------+
Info: *******************************************************************
Info: Running Quartus Prime Analysis & Synthesis
    Info: Version 20.1.1 Build 720 11/11/2020 SJ Lite Edition
    Info: Processing started: Sun Apr 12 20:32:36 2026
Info: Command: quartus_map --read_settings_files=on --write_settings_files=off Input_buffer -c Input_buffer
Warning (18236): Number of processors has not been specified which may cause overloading on shared machines.  Set the global assignment NUM_PARALLEL_PROCESSORS in your QSF to an appropriate value for best performance.
Info (20030): Parallel compilation is enabled and will use 16 of the 16 processors detected
Info (12021): Found 1 design units, including 1 entities, in source file ram_fsm_ip.v
    Info (12023): Found entity 1: ram_fsm_ip File: C:/Users/keduv/OneDrive/Desktop/LAAB/ram_fsm_ip.v Line: 14
Info (12021): Found 1 design units, including 1 entities, in source file input_buffer_fifo.v
    Info (12023): Found entity 1: input_buffer_fifo File: C:/Users/keduv/OneDrive/Desktop/LAAB/input_buffer_fifo.v Line: 1
Info (12021): Found 1 design units, including 1 entities, in source file top_controller.v
    Info (12023): Found entity 1: top_controller File: C:/Users/keduv/OneDrive/Desktop/LAAB/top_controller.v Line: 1
Info (12021): Found 1 design units, including 1 entities, in source file top_controller_ip_tb.v
    Info (12023): Found entity 1: top_controller_ip_tb File: C:/Users/keduv/OneDrive/Desktop/LAAB/top_controller_ip_tb.v Line: 3
Info (12021): Found 1 design units, including 1 entities, in source file input_buffer.bdf
    Info (12023): Found entity 1: Input_buffer
Info (12021): Found 2 design units, including 1 entities, in source file memoria2.vhd
    Info (12022): Found design unit 1: memoria2-SYN File: C:/Users/keduv/OneDrive/Desktop/LAAB/memoria2.vhd Line: 56
    Info (12023): Found entity 1: memoria2 File: C:/Users/keduv/OneDrive/Desktop/LAAB/memoria2.vhd Line: 43
Info (12021): Found 1 design units, including 1 entities, in source file ram_sp_ip.v
    Info (12023): Found entity 1: ram_sp_ip File: C:/Users/keduv/OneDrive/Desktop/LAAB/ram_sp_ip.v Line: 5
Info (12127): Elaborating entity "top_controller" for the top level hierarchy
Warning (10230): Verilog HDL assignment warning at top_controller.v(67): truncated value with size 32 to match size of target (4) File: C:/Users/keduv/OneDrive/Desktop/LAAB/top_controller.v Line: 67
Info (12128): Elaborating entity "input_buffer_fifo" for hierarchy "input_buffer_fifo:fifo_inst" File: C:/Users/keduv/OneDrive/Desktop/LAAB/top_controller.v Line: 101
Warning (276027): Inferred dual-clock RAM node "storage_rtl_0" from synchronous design logic.  The read-during-write behavior of a dual-clock RAM is undefined and may not match the behavior of the original design.
Info (276014): Found 1 instances of uninferred RAM logic
    Info (276004): RAM logic "input_buffer_fifo:fifo_inst|mem" is uninferred due to inappropriate RAM size File: C:/Users/keduv/OneDrive/Desktop/LAAB/input_buffer_fifo.v Line: 20
Info (19000): Inferred 1 megafunctions from design logic
    Info (276029): Inferred altsyncram megafunction from the following design logic: "storage_rtl_0" 
        Info (286033): Parameter OPERATION_MODE set to DUAL_PORT
        Info (286033): Parameter WIDTH_A set to 8
        Info (286033): Parameter WIDTHAD_A set to 8
        Info (286033): Parameter NUMWORDS_A set to 256
        Info (286033): Parameter WIDTH_B set to 8
        Info (286033): Parameter WIDTHAD_B set to 8
        Info (286033): Parameter NUMWORDS_B set to 256
        Info (286033): Parameter ADDRESS_ACLR_A set to NONE
        Info (286033): Parameter OUTDATA_REG_B set to UNREGISTERED
        Info (286033): Parameter ADDRESS_ACLR_B set to NONE
        Info (286033): Parameter OUTDATA_ACLR_B set to NONE
        Info (286033): Parameter ADDRESS_REG_B set to CLOCK1
        Info (286033): Parameter INDATA_ACLR_A set to NONE
        Info (286033): Parameter WRCONTROL_ACLR_A set to NONE
Info (12130): Elaborated megafunction instantiation "altsyncram:storage_rtl_0"
Info (12133): Instantiated megafunction "altsyncram:storage_rtl_0" with the following parameter:
    Info (12134): Parameter "OPERATION_MODE" = "DUAL_PORT"
    Info (12134): Parameter "WIDTH_A" = "8"
    Info (12134): Parameter "WIDTHAD_A" = "8"
    Info (12134): Parameter "NUMWORDS_A" = "256"
    Info (12134): Parameter "WIDTH_B" = "8"
    Info (12134): Parameter "WIDTHAD_B" = "8"
    Info (12134): Parameter "NUMWORDS_B" = "256"
    Info (12134): Parameter "ADDRESS_ACLR_A" = "NONE"
    Info (12134): Parameter "OUTDATA_REG_B" = "UNREGISTERED"
    Info (12134): Parameter "ADDRESS_ACLR_B" = "NONE"
    Info (12134): Parameter "OUTDATA_ACLR_B" = "NONE"
    Info (12134): Parameter "ADDRESS_REG_B" = "CLOCK1"
    Info (12134): Parameter "INDATA_ACLR_A" = "NONE"
    Info (12134): Parameter "WRCONTROL_ACLR_A" = "NONE"
Info (12021): Found 1 design units, including 1 entities, in source file db/altsyncram_0qd1.tdf
    Info (12023): Found entity 1: altsyncram_0qd1 File: C:/Users/keduv/OneDrive/Desktop/LAAB/db/altsyncram_0qd1.tdf Line: 28
Info (286030): Timing-Driven Synthesis is running
Info (17049): 2 registers lost all their fanouts during netlist optimizations.
Info (16010): Generating hard_block partition "hard_block:auto_generated_inst"
    Info (16011): Adding 0 node(s), including 0 DDIO, 0 PLL, 0 transceiver and 0 LCELL
Warning (21074): Design contains 62 input pin(s) that do not drive logic
    Warning (15610): No output dependent on input pin "addr_in[8]" File: C:/Users/keduv/OneDrive/Desktop/LAAB/top_controller.v Line: 7
    Warning (15610): No output dependent on input pin "addr_in[9]" File: C:/Users/keduv/OneDrive/Desktop/LAAB/top_controller.v Line: 7
    Warning (15610): No output dependent on input pin "addr_in[10]" File: C:/Users/keduv/OneDrive/Desktop/LAAB/top_controller.v Line: 7
    Warning (15610): No output dependent on input pin "addr_in[11]" File: C:/Users/keduv/OneDrive/Desktop/LAAB/top_controller.v Line: 7
    Warning (15610): No output dependent on input pin "addr_in[12]" File: C:/Users/keduv/OneDrive/Desktop/LAAB/top_controller.v Line: 7
    Warning (15610): No output dependent on input pin "addr_in[13]" File: C:/Users/keduv/OneDrive/Desktop/LAAB/top_controller.v Line: 7
    Warning (15610): No output dependent on input pin "din_in[8]" File: C:/Users/keduv/OneDrive/Desktop/LAAB/top_controller.v Line: 8
    Warning (15610): No output dependent on input pin "din_in[9]" File: C:/Users/keduv/OneDrive/Desktop/LAAB/top_controller.v Line: 8
    Warning (15610): No output dependent on input pin "din_in[10]" File: C:/Users/keduv/OneDrive/Desktop/LAAB/top_controller.v Line: 8
    Warning (15610): No output dependent on input pin "din_in[11]" File: C:/Users/keduv/OneDrive/Desktop/LAAB/top_controller.v Line: 8
    Warning (15610): No output dependent on input pin "din_in[12]" File: C:/Users/keduv/OneDrive/Desktop/LAAB/top_controller.v Line: 8
    Warning (15610): No output dependent on input pin "din_in[13]" File: C:/Users/keduv/OneDrive/Desktop/LAAB/top_controller.v Line: 8
    Warning (15610): No output dependent on input pin "din_in[14]" File: C:/Users/keduv/OneDrive/Desktop/LAAB/top_controller.v Line: 8
    Warning (15610): No output dependent on input pin "din_in[15]" File: C:/Users/keduv/OneDrive/Desktop/LAAB/top_controller.v Line: 8
    Warning (15610): No output dependent on input pin "din_in[16]" File: C:/Users/keduv/OneDrive/Desktop/LAAB/top_controller.v Line: 8
    Warning (15610): No output dependent on input pin "din_in[17]" File: C:/Users/keduv/OneDrive/Desktop/LAAB/top_controller.v Line: 8
    Warning (15610): No output dependent on input pin "din_in[18]" File: C:/Users/keduv/OneDrive/Desktop/LAAB/top_controller.v Line: 8
    Warning (15610): No output dependent on input pin "din_in[19]" File: C:/Users/keduv/OneDrive/Desktop/LAAB/top_controller.v Line: 8
    Warning (15610): No output dependent on input pin "din_in[20]" File: C:/Users/keduv/OneDrive/Desktop/LAAB/top_controller.v Line: 8
    Warning (15610): No output dependent on input pin "din_in[21]" File: C:/Users/keduv/OneDrive/Desktop/LAAB/top_controller.v Line: 8
    Warning (15610): No output dependent on input pin "din_in[22]" File: C:/Users/keduv/OneDrive/Desktop/LAAB/top_controller.v Line: 8
    Warning (15610): No output dependent on input pin "din_in[23]" File: C:/Users/keduv/OneDrive/Desktop/LAAB/top_controller.v Line: 8
    Warning (15610): No output dependent on input pin "din_in[24]" File: C:/Users/keduv/OneDrive/Desktop/LAAB/top_controller.v Line: 8
    Warning (15610): No output dependent on input pin "din_in[25]" File: C:/Users/keduv/OneDrive/Desktop/LAAB/top_controller.v Line: 8
    Warning (15610): No output dependent on input pin "din_in[26]" File: C:/Users/keduv/OneDrive/Desktop/LAAB/top_controller.v Line: 8
    Warning (15610): No output dependent on input pin "din_in[27]" File: C:/Users/keduv/OneDrive/Desktop/LAAB/top_controller.v Line: 8
    Warning (15610): No output dependent on input pin "din_in[28]" File: C:/Users/keduv/OneDrive/Desktop/LAAB/top_controller.v Line: 8
    Warning (15610): No output dependent on input pin "din_in[29]" File: C:/Users/keduv/OneDrive/Desktop/LAAB/top_controller.v Line: 8
    Warning (15610): No output dependent on input pin "din_in[30]" File: C:/Users/keduv/OneDrive/Desktop/LAAB/top_controller.v Line: 8
    Warning (15610): No output dependent on input pin "din_in[31]" File: C:/Users/keduv/OneDrive/Desktop/LAAB/top_controller.v Line: 8
    Warning (15610): No output dependent on input pin "din_in[32]" File: C:/Users/keduv/OneDrive/Desktop/LAAB/top_controller.v Line: 8
    Warning (15610): No output dependent on input pin "din_in[33]" File: C:/Users/keduv/OneDrive/Desktop/LAAB/top_controller.v Line: 8
    Warning (15610): No output dependent on input pin "din_in[34]" File: C:/Users/keduv/OneDrive/Desktop/LAAB/top_controller.v Line: 8
    Warning (15610): No output dependent on input pin "din_in[35]" File: C:/Users/keduv/OneDrive/Desktop/LAAB/top_controller.v Line: 8
    Warning (15610): No output dependent on input pin "din_in[36]" File: C:/Users/keduv/OneDrive/Desktop/LAAB/top_controller.v Line: 8
    Warning (15610): No output dependent on input pin "din_in[37]" File: C:/Users/keduv/OneDrive/Desktop/LAAB/top_controller.v Line: 8
    Warning (15610): No output dependent on input pin "din_in[38]" File: C:/Users/keduv/OneDrive/Desktop/LAAB/top_controller.v Line: 8
    Warning (15610): No output dependent on input pin "din_in[39]" File: C:/Users/keduv/OneDrive/Desktop/LAAB/top_controller.v Line: 8
    Warning (15610): No output dependent on input pin "din_in[40]" File: C:/Users/keduv/OneDrive/Desktop/LAAB/top_controller.v Line: 8
    Warning (15610): No output dependent on input pin "din_in[41]" File: C:/Users/keduv/OneDrive/Desktop/LAAB/top_controller.v Line: 8
    Warning (15610): No output dependent on input pin "din_in[42]" File: C:/Users/keduv/OneDrive/Desktop/LAAB/top_controller.v Line: 8
    Warning (15610): No output dependent on input pin "din_in[43]" File: C:/Users/keduv/OneDrive/Desktop/LAAB/top_controller.v Line: 8
    Warning (15610): No output dependent on input pin "din_in[44]" File: C:/Users/keduv/OneDrive/Desktop/LAAB/top_controller.v Line: 8
    Warning (15610): No output dependent on input pin "din_in[45]" File: C:/Users/keduv/OneDrive/Desktop/LAAB/top_controller.v Line: 8
    Warning (15610): No output dependent on input pin "din_in[46]" File: C:/Users/keduv/OneDrive/Desktop/LAAB/top_controller.v Line: 8
    Warning (15610): No output dependent on input pin "din_in[47]" File: C:/Users/keduv/OneDrive/Desktop/LAAB/top_controller.v Line: 8
    Warning (15610): No output dependent on input pin "din_in[48]" File: C:/Users/keduv/OneDrive/Desktop/LAAB/top_controller.v Line: 8
    Warning (15610): No output dependent on input pin "din_in[49]" File: C:/Users/keduv/OneDrive/Desktop/LAAB/top_controller.v Line: 8
    Warning (15610): No output dependent on input pin "din_in[50]" File: C:/Users/keduv/OneDrive/Desktop/LAAB/top_controller.v Line: 8
    Warning (15610): No output dependent on input pin "din_in[51]" File: C:/Users/keduv/OneDrive/Desktop/LAAB/top_controller.v Line: 8
    Warning (15610): No output dependent on input pin "din_in[52]" File: C:/Users/keduv/OneDrive/Desktop/LAAB/top_controller.v Line: 8
    Warning (15610): No output dependent on input pin "din_in[53]" File: C:/Users/keduv/OneDrive/Desktop/LAAB/top_controller.v Line: 8
    Warning (15610): No output dependent on input pin "din_in[54]" File: C:/Users/keduv/OneDrive/Desktop/LAAB/top_controller.v Line: 8
    Warning (15610): No output dependent on input pin "din_in[55]" File: C:/Users/keduv/OneDrive/Desktop/LAAB/top_controller.v Line: 8
    Warning (15610): No output dependent on input pin "din_in[56]" File: C:/Users/keduv/OneDrive/Desktop/LAAB/top_controller.v Line: 8
    Warning (15610): No output dependent on input pin "din_in[57]" File: C:/Users/keduv/OneDrive/Desktop/LAAB/top_controller.v Line: 8
    Warning (15610): No output dependent on input pin "din_in[58]" File: C:/Users/keduv/OneDrive/Desktop/LAAB/top_controller.v Line: 8
    Warning (15610): No output dependent on input pin "din_in[59]" File: C:/Users/keduv/OneDrive/Desktop/LAAB/top_controller.v Line: 8
    Warning (15610): No output dependent on input pin "din_in[60]" File: C:/Users/keduv/OneDrive/Desktop/LAAB/top_controller.v Line: 8
    Warning (15610): No output dependent on input pin "din_in[61]" File: C:/Users/keduv/OneDrive/Desktop/LAAB/top_controller.v Line: 8
    Warning (15610): No output dependent on input pin "din_in[62]" File: C:/Users/keduv/OneDrive/Desktop/LAAB/top_controller.v Line: 8
    Warning (15610): No output dependent on input pin "din_in[63]" File: C:/Users/keduv/OneDrive/Desktop/LAAB/top_controller.v Line: 8
Info (21057): Implemented 184 device resources after synthesis - the final resource count might be different
    Info (21058): Implemented 82 input pins
    Info (21059): Implemented 12 output pins
    Info (21061): Implemented 82 logic cells
    Info (21064): Implemented 8 RAM segments
Info: Quartus Prime Analysis & Synthesis was successful. 0 errors, 66 warnings
    Info: Peak virtual memory: 4871 megabytes
    Info: Processing ended: Sun Apr 12 20:32:43 2026
    Info: Elapsed time: 00:00:07
    Info: Total CPU time (on all processors): 00:00:15


